nohup: ignoring input
Device=cuda; data=[('train', 10280), ('val', 2203), ('test', 2204)]; sample=(12, 93, 1); mask=random:5
pretrain 001/20: train_loss=0.350635 val_loss=0.165742 val_mae=0.774367 val_rmse=0.946134
pretrain 002/20: train_loss=0.158810 val_loss=0.091283 val_mae=0.768137 val_rmse=0.937797
pretrain 003/20: train_loss=0.116391 val_loss=0.063698 val_mae=0.766046 val_rmse=0.933128
pretrain 004/20: train_loss=0.096634 val_loss=0.051500 val_mae=0.763951 val_rmse=0.928484
pretrain 005/20: train_loss=0.086307 val_loss=0.046093 val_mae=0.760216 val_rmse=0.921598
pretrain 006/20: train_loss=0.080932 val_loss=0.043977 val_mae=0.753266 val_rmse=0.913775
pretrain 007/20: train_loss=0.078622 val_loss=0.043088 val_mae=0.751717 val_rmse=0.912380
pretrain 008/20: train_loss=0.078172 val_loss=0.043242 val_mae=0.752067 val_rmse=0.913027
pretrain 009/20: train_loss=0.078748 val_loss=0.043302 val_mae=0.755038 val_rmse=0.913976
pretrain 010/20: train_loss=0.080009 val_loss=0.044377 val_mae=0.767123 val_rmse=0.921781
pretrain 011/20: train_loss=0.081942 val_loss=0.045231 val_mae=0.779133 val_rmse=0.931400
pretrain 012/20: train_loss=0.084411 val_loss=0.047275 val_mae=0.790033 val_rmse=0.943694
Early stopping pretrain after 12 epochs
finetune 001/20: train_loss=0.029797 val_loss=0.010875 val_mae=0.057401 val_rmse=0.093028
finetune 002/20: train_loss=0.014069 val_loss=0.009504 val_mae=0.052066 val_rmse=0.086389
finetune 003/20: train_loss=0.013532 val_loss=0.009327 val_mae=0.052190 val_rmse=0.085561
finetune 004/20: train_loss=0.013478 val_loss=0.009123 val_mae=0.049783 val_rmse=0.083320
finetune 005/20: train_loss=0.013456 val_loss=0.008981 val_mae=0.047793 val_rmse=0.082137
finetune 006/20: train_loss=0.013391 val_loss=0.008877 val_mae=0.047801 val_rmse=0.081455
finetune 007/20: train_loss=0.013335 val_loss=0.008999 val_mae=0.048550 val_rmse=0.083084
finetune 008/20: train_loss=0.013298 val_loss=0.008988 val_mae=0.048579 val_rmse=0.081632
finetune 009/20: train_loss=0.013206 val_loss=0.008722 val_mae=0.046680 val_rmse=0.080596
finetune 010/20: train_loss=0.013180 val_loss=0.009231 val_mae=0.050268 val_rmse=0.083826
finetune 011/20: train_loss=0.013140 val_loss=0.008829 val_mae=0.050886 val_rmse=0.082349
finetune 012/20: train_loss=0.013155 val_loss=0.008828 val_mae=0.047439 val_rmse=0.081238
finetune 013/20: train_loss=0.013194 val_loss=0.008955 val_mae=0.049563 val_rmse=0.082857
finetune 014/20: train_loss=0.013219 val_loss=0.008767 val_mae=0.048104 val_rmse=0.080472
Early stopping finetune after 14 epochs
Test masked positions: {'value': 0.003376476252417734, 'latent': 0.05482076178093571, 'mae': 0.047088856624605005, 'mse': 0.006764173241477534, 'loss': 0.008858552544010962, 'rmse': 0.08224459399545683}
Saved results to /home/ADS/cyang314/ucr_work/traffic_jepa/masked-st-jepa/runs/random_k5
Device=cuda; data=[('train', 10280), ('val', 2203), ('test', 2204)]; sample=(12, 93, 1); mask=random:9
pretrain 001/20: train_loss=0.348615 val_loss=0.162061 val_mae=0.774949 val_rmse=0.947203
pretrain 002/20: train_loss=0.154786 val_loss=0.086978 val_mae=0.766330 val_rmse=0.935826
pretrain 003/20: train_loss=0.111938 val_loss=0.060091 val_mae=0.763268 val_rmse=0.929031
pretrain 004/20: train_loss=0.092714 val_loss=0.049075 val_mae=0.757671 val_rmse=0.919862
pretrain 005/20: train_loss=0.083310 val_loss=0.044815 val_mae=0.751237 val_rmse=0.910401
pretrain 006/20: train_loss=0.078780 val_loss=0.043002 val_mae=0.746234 val_rmse=0.905009
pretrain 007/20: train_loss=0.077075 val_loss=0.042114 val_mae=0.748660 val_rmse=0.908320
pretrain 008/20: train_loss=0.076875 val_loss=0.041939 val_mae=0.752611 val_rmse=0.911506
pretrain 009/20: train_loss=0.077495 val_loss=0.042589 val_mae=0.760076 val_rmse=0.916619
pretrain 010/20: train_loss=0.078873 val_loss=0.043493 val_mae=0.772460 val_rmse=0.927721
pretrain 011/20: train_loss=0.081241 val_loss=0.044754 val_mae=0.780558 val_rmse=0.937430
pretrain 012/20: train_loss=0.084224 val_loss=0.046991 val_mae=0.782761 val_rmse=0.942881
pretrain 013/20: train_loss=0.087985 val_loss=0.048439 val_mae=0.779495 val_rmse=0.942657
Early stopping pretrain after 13 epochs
finetune 001/20: train_loss=0.029424 val_loss=0.010545 val_mae=0.056026 val_rmse=0.091580
finetune 002/20: train_loss=0.013759 val_loss=0.009324 val_mae=0.051210 val_rmse=0.086222
finetune 003/20: train_loss=0.013277 val_loss=0.009123 val_mae=0.049958 val_rmse=0.085271
finetune 004/20: train_loss=0.013219 val_loss=0.008942 val_mae=0.048518 val_rmse=0.083297
finetune 005/20: train_loss=0.013215 val_loss=0.008932 val_mae=0.049381 val_rmse=0.083095
finetune 006/20: train_loss=0.013169 val_loss=0.008887 val_mae=0.049350 val_rmse=0.083078
finetune 007/20: train_loss=0.013134 val_loss=0.008805 val_mae=0.047377 val_rmse=0.082226
finetune 008/20: train_loss=0.013108 val_loss=0.008939 val_mae=0.048790 val_rmse=0.082417
finetune 009/20: train_loss=0.013071 val_loss=0.008806 val_mae=0.048701 val_rmse=0.081981
finetune 010/20: train_loss=0.013091 val_loss=0.008862 val_mae=0.048046 val_rmse=0.082008
finetune 011/20: train_loss=0.013146 val_loss=0.008730 val_mae=0.046518 val_rmse=0.080782
finetune 012/20: train_loss=0.013232 val_loss=0.008969 val_mae=0.049596 val_rmse=0.082668
finetune 013/20: train_loss=0.013338 val_loss=0.009203 val_mae=0.049358 val_rmse=0.083854
finetune 014/20: train_loss=0.013417 val_loss=0.008897 val_mae=0.047454 val_rmse=0.080966
finetune 015/20: train_loss=0.013546 val_loss=0.008999 val_mae=0.048636 val_rmse=0.081887
finetune 016/20: train_loss=0.013643 val_loss=0.009061 val_mae=0.048570 val_rmse=0.081324
Early stopping finetune after 16 epochs
Test masked positions: {'value': 0.0032994541620156186, 'latent': 0.054712572116438575, 'mae': 0.046723317104761915, 'mse': 0.006616622451253357, 'loss': 0.008770711537443791, 'rmse': 0.08134262382818344}
Saved results to /home/ADS/cyang314/ucr_work/traffic_jepa/masked-st-jepa/runs/random_k9
Device=cuda; data=[('train', 10280), ('val', 2203), ('test', 2204)]; sample=(12, 93, 1); mask=random:19
pretrain 001/20: train_loss=0.347187 val_loss=0.158815 val_mae=0.776209 val_rmse=0.949179
pretrain 002/20: train_loss=0.150947 val_loss=0.083259 val_mae=0.765046 val_rmse=0.932386
pretrain 003/20: train_loss=0.108118 val_loss=0.057490 val_mae=0.754731 val_rmse=0.915273
pretrain 004/20: train_loss=0.090012 val_loss=0.047809 val_mae=0.747426 val_rmse=0.903709
pretrain 005/20: train_loss=0.081302 val_loss=0.043832 val_mae=0.744794 val_rmse=0.899501
pretrain 006/20: train_loss=0.076939 val_loss=0.041730 val_mae=0.747561 val_rmse=0.902841
pretrain 007/20: train_loss=0.074927 val_loss=0.040813 val_mae=0.756971 val_rmse=0.913077
pretrain 008/20: train_loss=0.074192 val_loss=0.040607 val_mae=0.767947 val_rmse=0.922840
pretrain 009/20: train_loss=0.074663 val_loss=0.041339 val_mae=0.778588 val_rmse=0.932906
pretrain 010/20: train_loss=0.076654 val_loss=0.042894 val_mae=0.789869 val_rmse=0.945012
pretrain 011/20: train_loss=0.080062 val_loss=0.045044 val_mae=0.794159 val_rmse=0.950726
pretrain 012/20: train_loss=0.084377 val_loss=0.047828 val_mae=0.795687 val_rmse=0.952319
pretrain 013/20: train_loss=0.089325 val_loss=0.050585 val_mae=0.796771 val_rmse=0.953921
Early stopping pretrain after 13 epochs
finetune 001/20: train_loss=0.029980 val_loss=0.010739 val_mae=0.057540 val_rmse=0.094682
finetune 002/20: train_loss=0.013604 val_loss=0.009465 val_mae=0.052630 val_rmse=0.089140
finetune 003/20: train_loss=0.013101 val_loss=0.009176 val_mae=0.050643 val_rmse=0.086758
finetune 004/20: train_loss=0.013013 val_loss=0.009104 val_mae=0.051119 val_rmse=0.086014
finetune 005/20: train_loss=0.013040 val_loss=0.008987 val_mae=0.049084 val_rmse=0.084551
finetune 006/20: train_loss=0.013035 val_loss=0.008991 val_mae=0.049474 val_rmse=0.084270
finetune 007/20: train_loss=0.013107 val_loss=0.009255 val_mae=0.053283 val_rmse=0.086654
finetune 008/20: train_loss=0.013155 val_loss=0.009033 val_mae=0.048593 val_rmse=0.083709
finetune 009/20: train_loss=0.013184 val_loss=0.009087 val_mae=0.049530 val_rmse=0.083476
finetune 010/20: train_loss=0.013281 val_loss=0.009184 val_mae=0.047532 val_rmse=0.082615
finetune 011/20: train_loss=0.013422 val_loss=0.009152 val_mae=0.048933 val_rmse=0.083741
finetune 012/20: train_loss=0.013527 val_loss=0.009237 val_mae=0.049030 val_rmse=0.083616
finetune 013/20: train_loss=0.013649 val_loss=0.009346 val_mae=0.047948 val_rmse=0.083379
finetune 014/20: train_loss=0.013796 val_loss=0.009327 val_mae=0.048896 val_rmse=0.082707
finetune 015/20: train_loss=0.013945 val_loss=0.009434 val_mae=0.047904 val_rmse=0.083023
Early stopping finetune after 15 epochs
Test masked positions: {'value': 0.00340547994668249, 'latent': 0.05769669224665299, 'mae': 0.047524251273669264, 'mse': 0.00682746155015083, 'loss': 0.009175149264141999, 'rmse': 0.08262845484547578}
Saved results to /home/ADS/cyang314/ucr_work/traffic_jepa/masked-st-jepa/runs/random_k19
Device=cuda; data=[('train', 10280), ('val', 2203), ('test', 2204)]; sample=(12, 93, 1); mask=random:28
pretrain 001/20: train_loss=0.346928 val_loss=0.157487 val_mae=0.774414 val_rmse=0.947656
pretrain 002/20: train_loss=0.149474 val_loss=0.082040 val_mae=0.762242 val_rmse=0.928068
pretrain 003/20: train_loss=0.107106 val_loss=0.056922 val_mae=0.749118 val_rmse=0.906654
pretrain 004/20: train_loss=0.089297 val_loss=0.047361 val_mae=0.743168 val_rmse=0.896807
pretrain 005/20: train_loss=0.080406 val_loss=0.043357 val_mae=0.746677 val_rmse=0.899497
pretrain 006/20: train_loss=0.075815 val_loss=0.041458 val_mae=0.753188 val_rmse=0.905798
pretrain 007/20: train_loss=0.074027 val_loss=0.041049 val_mae=0.763181 val_rmse=0.915568
pretrain 008/20: train_loss=0.074071 val_loss=0.042135 val_mae=0.773434 val_rmse=0.924195
pretrain 009/20: train_loss=0.075839 val_loss=0.043147 val_mae=0.780683 val_rmse=0.930777
pretrain 010/20: train_loss=0.079260 val_loss=0.045874 val_mae=0.784425 val_rmse=0.933270
pretrain 011/20: train_loss=0.083889 val_loss=0.048459 val_mae=0.785492 val_rmse=0.934476
pretrain 012/20: train_loss=0.089141 val_loss=0.052685 val_mae=0.789182 val_rmse=0.935809
Early stopping pretrain after 12 epochs
finetune 001/20: train_loss=0.030112 val_loss=0.011611 val_mae=0.060477 val_rmse=0.100660
finetune 002/20: train_loss=0.014255 val_loss=0.010183 val_mae=0.055527 val_rmse=0.094074
finetune 003/20: train_loss=0.013686 val_loss=0.009842 val_mae=0.053845 val_rmse=0.091031
finetune 004/20: train_loss=0.013510 val_loss=0.009669 val_mae=0.054042 val_rmse=0.089358
finetune 005/20: train_loss=0.013443 val_loss=0.009420 val_mae=0.050871 val_rmse=0.087140
finetune 006/20: train_loss=0.013381 val_loss=0.009305 val_mae=0.050838 val_rmse=0.086420
finetune 007/20: train_loss=0.013377 val_loss=0.009349 val_mae=0.051316 val_rmse=0.086310
finetune 008/20: train_loss=0.013382 val_loss=0.009277 val_mae=0.049160 val_rmse=0.085165
finetune 009/20: train_loss=0.013395 val_loss=0.009341 val_mae=0.050845 val_rmse=0.085309
finetune 010/20: train_loss=0.013468 val_loss=0.009350 val_mae=0.048473 val_rmse=0.084408
finetune 011/20: train_loss=0.013574 val_loss=0.009371 val_mae=0.049499 val_rmse=0.084974
finetune 012/20: train_loss=0.013675 val_loss=0.009482 val_mae=0.049278 val_rmse=0.085443
finetune 013/20: train_loss=0.013806 val_loss=0.009480 val_mae=0.048335 val_rmse=0.084422
finetune 014/20: train_loss=0.013961 val_loss=0.009450 val_mae=0.047966 val_rmse=0.083658
finetune 015/20: train_loss=0.014094 val_loss=0.009540 val_mae=0.048050 val_rmse=0.083911
finetune 016/20: train_loss=0.014179 val_loss=0.009661 val_mae=0.047866 val_rmse=0.083705
finetune 017/20: train_loss=0.014274 val_loss=0.009610 val_mae=0.048623 val_rmse=0.083617
finetune 018/20: train_loss=0.014374 val_loss=0.009602 val_mae=0.047292 val_rmse=0.083205
finetune 019/20: train_loss=0.014468 val_loss=0.009810 val_mae=0.048674 val_rmse=0.084085
finetune 020/20: train_loss=0.014582 val_loss=0.009872 val_mae=0.048218 val_rmse=0.083918
Test masked positions: {'value': 0.003468549976416081, 'latent': 0.061437514781302854, 'mae': 0.04742469960407856, 'mse': 0.006951984351064787, 'loss': 0.009612301494689581, 'rmse': 0.08337856050007572}
Saved results to /home/ADS/cyang314/ucr_work/traffic_jepa/masked-st-jepa/runs/random_k28
Device=cuda; data=[('train', 10280), ('val', 2203), ('test', 2204)]; sample=(12, 93, 1); mask=persistent:5
pretrain 001/20: train_loss=0.374553 val_loss=0.182661 val_mae=0.765667 val_rmse=0.934471
pretrain 002/20: train_loss=0.172319 val_loss=0.111721 val_mae=0.779904 val_rmse=0.939454
pretrain 003/20: train_loss=0.135506 val_loss=0.093309 val_mae=0.802259 val_rmse=0.955568
pretrain 004/20: train_loss=0.123706 val_loss=0.091082 val_mae=0.812835 val_rmse=0.963804
pretrain 005/20: train_loss=0.118712 val_loss=0.084455 val_mae=0.820516 val_rmse=0.969647
pretrain 006/20: train_loss=0.116027 val_loss=0.084025 val_mae=0.819629 val_rmse=0.970128
pretrain 007/20: train_loss=0.115011 val_loss=0.083327 val_mae=0.822059 val_rmse=0.971547
pretrain 008/20: train_loss=0.115201 val_loss=0.083769 val_mae=0.818523 val_rmse=0.965885
pretrain 009/20: train_loss=0.116425 val_loss=0.085173 val_mae=0.818475 val_rmse=0.963176
pretrain 010/20: train_loss=0.117997 val_loss=0.085210 val_mae=0.821556 val_rmse=0.961732
pretrain 011/20: train_loss=0.119095 val_loss=0.085404 val_mae=0.819465 val_rmse=0.956460
pretrain 012/20: train_loss=0.120121 val_loss=0.086347 val_mae=0.815311 val_rmse=0.949706
Early stopping pretrain after 12 epochs
finetune 001/20: train_loss=0.063649 val_loss=0.042792 val_mae=0.147219 val_rmse=0.251220
finetune 002/20: train_loss=0.044413 val_loss=0.040640 val_mae=0.145026 val_rmse=0.244104
finetune 003/20: train_loss=0.044139 val_loss=0.041368 val_mae=0.153651 val_rmse=0.247430
finetune 004/20: train_loss=0.043904 val_loss=0.039403 val_mae=0.140586 val_rmse=0.239487
finetune 005/20: train_loss=0.043527 val_loss=0.041515 val_mae=0.150311 val_rmse=0.248041
finetune 006/20: train_loss=0.042113 val_loss=0.039563 val_mae=0.142911 val_rmse=0.241048
finetune 007/20: train_loss=0.042948 val_loss=0.038417 val_mae=0.138221 val_rmse=0.235491
finetune 008/20: train_loss=0.042090 val_loss=0.038309 val_mae=0.139531 val_rmse=0.235617
finetune 009/20: train_loss=0.042444 val_loss=0.037733 val_mae=0.135385 val_rmse=0.233086
finetune 010/20: train_loss=0.041964 val_loss=0.038495 val_mae=0.136817 val_rmse=0.236382
finetune 011/20: train_loss=0.040933 val_loss=0.037773 val_mae=0.134810 val_rmse=0.234391
finetune 012/20: train_loss=0.041708 val_loss=0.037208 val_mae=0.134955 val_rmse=0.231654
finetune 013/20: train_loss=0.041247 val_loss=0.037209 val_mae=0.133292 val_rmse=0.231663
finetune 014/20: train_loss=0.040568 val_loss=0.037549 val_mae=0.134136 val_rmse=0.233423
finetune 015/20: train_loss=0.040866 val_loss=0.036381 val_mae=0.132531 val_rmse=0.228477
finetune 016/20: train_loss=0.041205 val_loss=0.037576 val_mae=0.134275 val_rmse=0.232305
finetune 017/20: train_loss=0.040951 val_loss=0.036797 val_mae=0.134183 val_rmse=0.229170
finetune 018/20: train_loss=0.039987 val_loss=0.036114 val_mae=0.132284 val_rmse=0.227955
finetune 019/20: train_loss=0.039601 val_loss=0.036907 val_mae=0.133254 val_rmse=0.230670
finetune 020/20: train_loss=0.039527 val_loss=0.036802 val_mae=0.135962 val_rmse=0.229630
Test masked positions: {'value': 0.02486788907752604, 'latent': 0.11271787310414652, 'mae': 0.1344408382629526, 'mse': 0.05124777145075279, 'loss': 0.036139676540062345, 'rmse': 0.2263797063580408}
Saved results to /home/ADS/cyang314/ucr_work/traffic_jepa/masked-st-jepa/runs/persistent_k5
Device=cuda; data=[('train', 10280), ('val', 2203), ('test', 2204)]; sample=(12, 93, 1); mask=persistent:9
pretrain 001/20: train_loss=0.368991 val_loss=0.176301 val_mae=0.771745 val_rmse=0.943726
pretrain 002/20: train_loss=0.165934 val_loss=0.107210 val_mae=0.785752 val_rmse=0.948326
pretrain 003/20: train_loss=0.131575 val_loss=0.091640 val_mae=0.807293 val_rmse=0.962405
pretrain 004/20: train_loss=0.121486 val_loss=0.087910 val_mae=0.815004 val_rmse=0.968559
pretrain 005/20: train_loss=0.117225 val_loss=0.084256 val_mae=0.821943 val_rmse=0.974339
pretrain 006/20: train_loss=0.115111 val_loss=0.083310 val_mae=0.823838 val_rmse=0.976449
pretrain 007/20: train_loss=0.113626 val_loss=0.081376 val_mae=0.829961 val_rmse=0.980106
pretrain 008/20: train_loss=0.111943 val_loss=0.078564 val_mae=0.835614 val_rmse=0.980926
pretrain 009/20: train_loss=0.110737 val_loss=0.075611 val_mae=0.841946 val_rmse=0.981729
pretrain 010/20: train_loss=0.109689 val_loss=0.074958 val_mae=0.839798 val_rmse=0.976156
pretrain 011/20: train_loss=0.109388 val_loss=0.073609 val_mae=0.832761 val_rmse=0.967732
pretrain 012/20: train_loss=0.109707 val_loss=0.074601 val_mae=0.825095 val_rmse=0.960163
pretrain 013/20: train_loss=0.111388 val_loss=0.074908 val_mae=0.822538 val_rmse=0.956478
pretrain 014/20: train_loss=0.113416 val_loss=0.075690 val_mae=0.817104 val_rmse=0.952716
pretrain 015/20: train_loss=0.114444 val_loss=0.078653 val_mae=0.815620 val_rmse=0.951607
pretrain 016/20: train_loss=0.115603 val_loss=0.077398 val_mae=0.810174 val_rmse=0.948000
Early stopping pretrain after 16 epochs
finetune 001/20: train_loss=0.058132 val_loss=0.037420 val_mae=0.141964 val_rmse=0.236353
finetune 002/20: train_loss=0.040575 val_loss=0.035414 val_mae=0.140523 val_rmse=0.230609
finetune 003/20: train_loss=0.040235 val_loss=0.034778 val_mae=0.135107 val_rmse=0.228791
finetune 004/20: train_loss=0.039415 val_loss=0.034526 val_mae=0.133007 val_rmse=0.227213
finetune 005/20: train_loss=0.039555 val_loss=0.035233 val_mae=0.136411 val_rmse=0.228833
finetune 006/20: train_loss=0.038907 val_loss=0.033634 val_mae=0.130449 val_rmse=0.223846
finetune 007/20: train_loss=0.039058 val_loss=0.033417 val_mae=0.129157 val_rmse=0.221887
finetune 008/20: train_loss=0.039237 val_loss=0.036856 val_mae=0.139370 val_rmse=0.232365
finetune 009/20: train_loss=0.039356 val_loss=0.033361 val_mae=0.129063 val_rmse=0.220053
finetune 010/20: train_loss=0.038865 val_loss=0.034196 val_mae=0.129329 val_rmse=0.224047
finetune 011/20: train_loss=0.038121 val_loss=0.034407 val_mae=0.137249 val_rmse=0.222956
finetune 012/20: train_loss=0.038496 val_loss=0.033789 val_mae=0.128946 val_rmse=0.220802
finetune 013/20: train_loss=0.038036 val_loss=0.033466 val_mae=0.129264 val_rmse=0.219925
finetune 014/20: train_loss=0.038093 val_loss=0.032724 val_mae=0.126425 val_rmse=0.217422
finetune 015/20: train_loss=0.038081 val_loss=0.034560 val_mae=0.140016 val_rmse=0.222700
finetune 016/20: train_loss=0.037727 val_loss=0.032995 val_mae=0.126649 val_rmse=0.217752
finetune 017/20: train_loss=0.037525 val_loss=0.033214 val_mae=0.128125 val_rmse=0.218396
finetune 018/20: train_loss=0.037853 val_loss=0.034574 val_mae=0.133004 val_rmse=0.223110
finetune 019/20: train_loss=0.037345 val_loss=0.033022 val_mae=0.128963 val_rmse=0.217728
Early stopping finetune after 19 epochs
Test masked positions: {'value': 0.023999902796669578, 'latent': 0.09978338255261336, 'mae': 0.12999584547458673, 'mse': 0.04945152144737122, 'loss': 0.03397824111548396, 'rmse': 0.22237698047993013}
Saved results to /home/ADS/cyang314/ucr_work/traffic_jepa/masked-st-jepa/runs/persistent_k9
Device=cuda; data=[('train', 10280), ('val', 2203), ('test', 2204)]; sample=(12, 93, 1); mask=persistent:19
pretrain 001/20: train_loss=0.365096 val_loss=0.171103 val_mae=0.775377 val_rmse=0.947845
pretrain 002/20: train_loss=0.163929 val_loss=0.108441 val_mae=0.784490 val_rmse=0.949846
pretrain 003/20: train_loss=0.132151 val_loss=0.094101 val_mae=0.798737 val_rmse=0.957300
pretrain 004/20: train_loss=0.122666 val_loss=0.088409 val_mae=0.808068 val_rmse=0.964238
pretrain 005/20: train_loss=0.115305 val_loss=0.080169 val_mae=0.824854 val_rmse=0.979714
pretrain 006/20: train_loss=0.108053 val_loss=0.074101 val_mae=0.844744 val_rmse=0.996017
pretrain 007/20: train_loss=0.103726 val_loss=0.071812 val_mae=0.852229 val_rmse=0.997808
pretrain 008/20: train_loss=0.101952 val_loss=0.071829 val_mae=0.843461 val_rmse=0.986682
pretrain 009/20: train_loss=0.102248 val_loss=0.071314 val_mae=0.839353 val_rmse=0.979564
pretrain 010/20: train_loss=0.103805 val_loss=0.077376 val_mae=0.837431 val_rmse=0.975380
pretrain 011/20: train_loss=0.105021 val_loss=0.073433 val_mae=0.831294 val_rmse=0.970448
pretrain 012/20: train_loss=0.106641 val_loss=0.074830 val_mae=0.824639 val_rmse=0.964477
pretrain 013/20: train_loss=0.108947 val_loss=0.076415 val_mae=0.818729 val_rmse=0.958902
pretrain 014/20: train_loss=0.111246 val_loss=0.078574 val_mae=0.811212 val_rmse=0.952890
Early stopping pretrain after 14 epochs
finetune 001/20: train_loss=0.057869 val_loss=0.037920 val_mae=0.143114 val_rmse=0.240769
finetune 002/20: train_loss=0.040048 val_loss=0.036674 val_mae=0.141603 val_rmse=0.238321
finetune 003/20: train_loss=0.039534 val_loss=0.035563 val_mae=0.136825 val_rmse=0.234810
finetune 004/20: train_loss=0.039298 val_loss=0.036442 val_mae=0.138876 val_rmse=0.236755
finetune 005/20: train_loss=0.039141 val_loss=0.036707 val_mae=0.137433 val_rmse=0.237533
finetune 006/20: train_loss=0.038744 val_loss=0.036361 val_mae=0.138890 val_rmse=0.236179
finetune 007/20: train_loss=0.038737 val_loss=0.035060 val_mae=0.133056 val_rmse=0.230413
finetune 008/20: train_loss=0.038469 val_loss=0.034680 val_mae=0.133472 val_rmse=0.227798
finetune 009/20: train_loss=0.038531 val_loss=0.034694 val_mae=0.131908 val_rmse=0.227427
finetune 010/20: train_loss=0.038399 val_loss=0.035938 val_mae=0.136195 val_rmse=0.230986
finetune 011/20: train_loss=0.038185 val_loss=0.034938 val_mae=0.132862 val_rmse=0.226932
finetune 012/20: train_loss=0.038062 val_loss=0.034078 val_mae=0.128931 val_rmse=0.223912
finetune 013/20: train_loss=0.038125 val_loss=0.034894 val_mae=0.136843 val_rmse=0.226202
finetune 014/20: train_loss=0.037805 val_loss=0.034992 val_mae=0.134561 val_rmse=0.226458
finetune 015/20: train_loss=0.037839 val_loss=0.034992 val_mae=0.130855 val_rmse=0.225470
finetune 016/20: train_loss=0.037901 val_loss=0.034043 val_mae=0.127760 val_rmse=0.221883
finetune 017/20: train_loss=0.037698 val_loss=0.034642 val_mae=0.131276 val_rmse=0.223206
finetune 018/20: train_loss=0.037666 val_loss=0.033779 val_mae=0.125796 val_rmse=0.220443
finetune 019/20: train_loss=0.037874 val_loss=0.034370 val_mae=0.128572 val_rmse=0.222072
finetune 020/20: train_loss=0.037971 val_loss=0.034412 val_mae=0.129617 val_rmse=0.222687
Test masked positions: {'value': 0.022821180143827967, 'latent': 0.10448593918078608, 'mae': 0.1252374283820661, 'mse': 0.047424179462956, 'loss': 0.033269774280285665, 'rmse': 0.21777093346669568}
Saved results to /home/ADS/cyang314/ucr_work/traffic_jepa/masked-st-jepa/runs/persistent_k19
Device=cuda; data=[('train', 10280), ('val', 2203), ('test', 2204)]; sample=(12, 93, 1); mask=persistent:28
pretrain 001/20: train_loss=0.364082 val_loss=0.169873 val_mae=0.778518 val_rmse=0.949476
pretrain 002/20: train_loss=0.164510 val_loss=0.111719 val_mae=0.784697 val_rmse=0.950454
pretrain 003/20: train_loss=0.134632 val_loss=0.097229 val_mae=0.793877 val_rmse=0.954351
pretrain 004/20: train_loss=0.125220 val_loss=0.090306 val_mae=0.799873 val_rmse=0.959680
pretrain 005/20: train_loss=0.114113 val_loss=0.078941 val_mae=0.827140 val_rmse=0.983453
pretrain 006/20: train_loss=0.107040 val_loss=0.076780 val_mae=0.834631 val_rmse=0.989580
pretrain 007/20: train_loss=0.104341 val_loss=0.073155 val_mae=0.838603 val_rmse=0.988467
pretrain 008/20: train_loss=0.103396 val_loss=0.072722 val_mae=0.832958 val_rmse=0.980694
pretrain 009/20: train_loss=0.103790 val_loss=0.074541 val_mae=0.826224 val_rmse=0.973151
pretrain 010/20: train_loss=0.105500 val_loss=0.076575 val_mae=0.823807 val_rmse=0.969451
pretrain 011/20: train_loss=0.106902 val_loss=0.076302 val_mae=0.816047 val_rmse=0.963435
pretrain 012/20: train_loss=0.109191 val_loss=0.078638 val_mae=0.809173 val_rmse=0.956824
pretrain 013/20: train_loss=0.111862 val_loss=0.080764 val_mae=0.802100 val_rmse=0.949083
Early stopping pretrain after 13 epochs
finetune 001/20: train_loss=0.058435 val_loss=0.038618 val_mae=0.146419 val_rmse=0.242818
finetune 002/20: train_loss=0.040957 val_loss=0.036501 val_mae=0.140278 val_rmse=0.237368
finetune 003/20: train_loss=0.040118 val_loss=0.036687 val_mae=0.139474 val_rmse=0.237963
finetune 004/20: train_loss=0.040179 val_loss=0.036430 val_mae=0.138472 val_rmse=0.236397
finetune 005/20: train_loss=0.039774 val_loss=0.036314 val_mae=0.137490 val_rmse=0.235031
finetune 006/20: train_loss=0.039640 val_loss=0.035669 val_mae=0.136144 val_rmse=0.232686
finetune 007/20: train_loss=0.039401 val_loss=0.035757 val_mae=0.136006 val_rmse=0.231855
finetune 008/20: train_loss=0.039116 val_loss=0.036153 val_mae=0.137310 val_rmse=0.231422
finetune 009/20: train_loss=0.039154 val_loss=0.034725 val_mae=0.132819 val_rmse=0.226867
finetune 010/20: train_loss=0.039149 val_loss=0.034787 val_mae=0.132276 val_rmse=0.225946
finetune 011/20: train_loss=0.039113 val_loss=0.034950 val_mae=0.132998 val_rmse=0.226256
finetune 012/20: train_loss=0.038668 val_loss=0.034266 val_mae=0.129041 val_rmse=0.222984
finetune 013/20: train_loss=0.038799 val_loss=0.034544 val_mae=0.129835 val_rmse=0.222730
finetune 014/20: train_loss=0.038643 val_loss=0.034616 val_mae=0.132347 val_rmse=0.222393
finetune 015/20: train_loss=0.038504 val_loss=0.034781 val_mae=0.129809 val_rmse=0.223138
finetune 016/20: train_loss=0.038745 val_loss=0.034247 val_mae=0.127927 val_rmse=0.220279
finetune 017/20: train_loss=0.038758 val_loss=0.034548 val_mae=0.128170 val_rmse=0.220722
finetune 018/20: train_loss=0.038497 val_loss=0.034223 val_mae=0.125330 val_rmse=0.219289
finetune 019/20: train_loss=0.038841 val_loss=0.034806 val_mae=0.126733 val_rmse=0.220851
finetune 020/20: train_loss=0.039031 val_loss=0.034410 val_mae=0.124998 val_rmse=0.218361
Test masked positions: {'value': 0.02291356165387994, 'latent': 0.11400981993835331, 'mae': 0.1253493550198048, 'mse': 0.047324404093401405, 'loss': 0.034314543820119815, 'rmse': 0.21754172954493445}
Saved results to /home/ADS/cyang314/ucr_work/traffic_jepa/masked-st-jepa/runs/persistent_k28
Device=cuda; data=[('train', 10280), ('val', 2203), ('test', 2204)]; sample=(12, 93, 1); mask=spatial_block:5
pretrain 001/20: train_loss=0.350154 val_loss=0.166210 val_mae=0.785294 val_rmse=0.960604
pretrain 002/20: train_loss=0.159560 val_loss=0.092060 val_mae=0.775775 val_rmse=0.949855
pretrain 003/20: train_loss=0.117004 val_loss=0.064360 val_mae=0.774912 val_rmse=0.943762
pretrain 004/20: train_loss=0.097209 val_loss=0.052340 val_mae=0.771163 val_rmse=0.936278
pretrain 005/20: train_loss=0.087127 val_loss=0.046931 val_mae=0.765717 val_rmse=0.928056
pretrain 006/20: train_loss=0.081884 val_loss=0.044469 val_mae=0.757769 val_rmse=0.919614
pretrain 007/20: train_loss=0.079453 val_loss=0.043212 val_mae=0.755067 val_rmse=0.918309
pretrain 008/20: train_loss=0.078570 val_loss=0.042803 val_mae=0.752030 val_rmse=0.916474
pretrain 009/20: train_loss=0.078676 val_loss=0.042693 val_mae=0.753058 val_rmse=0.917767
pretrain 010/20: train_loss=0.079341 val_loss=0.043775 val_mae=0.760826 val_rmse=0.923610
pretrain 011/20: train_loss=0.080928 val_loss=0.045154 val_mae=0.768673 val_rmse=0.931644
pretrain 012/20: train_loss=0.083263 val_loss=0.046496 val_mae=0.776641 val_rmse=0.939056
pretrain 013/20: train_loss=0.086427 val_loss=0.047880 val_mae=0.780785 val_rmse=0.943465
pretrain 014/20: train_loss=0.090293 val_loss=0.051248 val_mae=0.784465 val_rmse=0.948286
Early stopping pretrain after 14 epochs
finetune 001/20: train_loss=0.029933 val_loss=0.010592 val_mae=0.056202 val_rmse=0.092004
finetune 002/20: train_loss=0.013868 val_loss=0.009479 val_mae=0.053210 val_rmse=0.088025
finetune 003/20: train_loss=0.013347 val_loss=0.009265 val_mae=0.052052 val_rmse=0.087024
finetune 004/20: train_loss=0.013259 val_loss=0.009024 val_mae=0.049015 val_rmse=0.084213
finetune 005/20: train_loss=0.013236 val_loss=0.009098 val_mae=0.051655 val_rmse=0.084726
finetune 006/20: train_loss=0.013212 val_loss=0.009041 val_mae=0.050845 val_rmse=0.084368
finetune 007/20: train_loss=0.013235 val_loss=0.008965 val_mae=0.048208 val_rmse=0.083347
finetune 008/20: train_loss=0.013217 val_loss=0.008886 val_mae=0.047746 val_rmse=0.082625
finetune 009/20: train_loss=0.013268 val_loss=0.008947 val_mae=0.048571 val_rmse=0.083197
finetune 010/20: train_loss=0.013267 val_loss=0.008991 val_mae=0.049173 val_rmse=0.083219
finetune 011/20: train_loss=0.013324 val_loss=0.009031 val_mae=0.049769 val_rmse=0.083017
finetune 012/20: train_loss=0.013422 val_loss=0.009285 val_mae=0.052415 val_rmse=0.085571
finetune 013/20: train_loss=0.013566 val_loss=0.009058 val_mae=0.047785 val_rmse=0.082289
Early stopping finetune after 13 epochs
Test masked positions: {'value': 0.0033649519696906075, 'latent': 0.0547719517969501, 'mae': 0.0475219299175021, 'mse': 0.006749035779576066, 'loss': 0.008842147257983577, 'rmse': 0.08215251535757177}
Saved results to /home/ADS/cyang314/ucr_work/traffic_jepa/masked-st-jepa/runs/spatial_block_k5
Device=cuda; data=[('train', 10280), ('val', 2203), ('test', 2204)]; sample=(12, 93, 1); mask=spatial_block:9
pretrain 001/20: train_loss=0.348844 val_loss=0.163383 val_mae=0.783208 val_rmse=0.959362
pretrain 002/20: train_loss=0.156058 val_loss=0.087960 val_mae=0.776792 val_rmse=0.948413
pretrain 003/20: train_loss=0.112898 val_loss=0.061231 val_mae=0.772966 val_rmse=0.938467
pretrain 004/20: train_loss=0.093909 val_loss=0.050302 val_mae=0.767350 val_rmse=0.929261
pretrain 005/20: train_loss=0.084697 val_loss=0.045572 val_mae=0.761783 val_rmse=0.921848
pretrain 006/20: train_loss=0.080047 val_loss=0.043459 val_mae=0.756522 val_rmse=0.916326
pretrain 007/20: train_loss=0.077860 val_loss=0.042103 val_mae=0.757135 val_rmse=0.917749
pretrain 008/20: train_loss=0.077141 val_loss=0.042555 val_mae=0.757045 val_rmse=0.918808
pretrain 009/20: train_loss=0.077632 val_loss=0.042866 val_mae=0.761649 val_rmse=0.923880
pretrain 010/20: train_loss=0.079228 val_loss=0.043578 val_mae=0.767830 val_rmse=0.929835
pretrain 011/20: train_loss=0.081866 val_loss=0.045137 val_mae=0.776558 val_rmse=0.939285
pretrain 012/20: train_loss=0.085539 val_loss=0.047361 val_mae=0.783370 val_rmse=0.946262
Early stopping pretrain after 12 epochs
finetune 001/20: train_loss=0.030056 val_loss=0.010791 val_mae=0.056740 val_rmse=0.092776
finetune 002/20: train_loss=0.013993 val_loss=0.009501 val_mae=0.051789 val_rmse=0.087240
finetune 003/20: train_loss=0.013482 val_loss=0.009261 val_mae=0.051912 val_rmse=0.086075
finetune 004/20: train_loss=0.013342 val_loss=0.009119 val_mae=0.050847 val_rmse=0.085033
finetune 005/20: train_loss=0.013269 val_loss=0.009177 val_mae=0.051808 val_rmse=0.086281
finetune 006/20: train_loss=0.013145 val_loss=0.008887 val_mae=0.048606 val_rmse=0.083500
finetune 007/20: train_loss=0.013116 val_loss=0.008947 val_mae=0.048904 val_rmse=0.083969
finetune 008/20: train_loss=0.013096 val_loss=0.008837 val_mae=0.049131 val_rmse=0.082961
finetune 009/20: train_loss=0.013072 val_loss=0.008796 val_mae=0.047267 val_rmse=0.082267
finetune 010/20: train_loss=0.013139 val_loss=0.008933 val_mae=0.049334 val_rmse=0.083024
finetune 011/20: train_loss=0.013170 val_loss=0.009023 val_mae=0.051567 val_rmse=0.083729
finetune 012/20: train_loss=0.013295 val_loss=0.009074 val_mae=0.049667 val_rmse=0.083311
finetune 013/20: train_loss=0.013461 val_loss=0.009023 val_mae=0.047877 val_rmse=0.082659
finetune 014/20: train_loss=0.013572 val_loss=0.009039 val_mae=0.046692 val_rmse=0.081242
finetune 015/20: train_loss=0.013732 val_loss=0.009119 val_mae=0.047379 val_rmse=0.081905
finetune 016/20: train_loss=0.013851 val_loss=0.009261 val_mae=0.051039 val_rmse=0.083045
finetune 017/20: train_loss=0.013986 val_loss=0.009239 val_mae=0.047776 val_rmse=0.082227
finetune 018/20: train_loss=0.014099 val_loss=0.009268 val_mae=0.046978 val_rmse=0.081406
finetune 019/20: train_loss=0.014231 val_loss=0.009441 val_mae=0.047975 val_rmse=0.081864
Early stopping finetune after 19 epochs
Test masked positions: {'value': 0.0032850723847165407, 'latent': 0.057468465933349734, 'mae': 0.046601262234300105, 'mse': 0.006581520467334023, 'loss': 0.009031919113439786, 'rmse': 0.08112657066173833}
Saved results to /home/ADS/cyang314/ucr_work/traffic_jepa/masked-st-jepa/runs/spatial_block_k9
Device=cuda; data=[('train', 10280), ('val', 2203), ('test', 2204)]; sample=(12, 93, 1); mask=spatial_block:19
pretrain 001/20: train_loss=0.348152 val_loss=0.160183 val_mae=0.788886 val_rmse=0.966535
pretrain 002/20: train_loss=0.152850 val_loss=0.085637 val_mae=0.779313 val_rmse=0.951652
pretrain 003/20: train_loss=0.110655 val_loss=0.060432 val_mae=0.768289 val_rmse=0.933688
pretrain 004/20: train_loss=0.092621 val_loss=0.050163 val_mae=0.762043 val_rmse=0.925237
pretrain 005/20: train_loss=0.083449 val_loss=0.045992 val_mae=0.760194 val_rmse=0.923486
pretrain 006/20: train_loss=0.078888 val_loss=0.043212 val_mae=0.759167 val_rmse=0.922823
pretrain 007/20: train_loss=0.076864 val_loss=0.042518 val_mae=0.760995 val_rmse=0.924973
pretrain 008/20: train_loss=0.076480 val_loss=0.042265 val_mae=0.760046 val_rmse=0.923951
pretrain 009/20: train_loss=0.077726 val_loss=0.043840 val_mae=0.759121 val_rmse=0.924367
pretrain 010/20: train_loss=0.080447 val_loss=0.045446 val_mae=0.756827 val_rmse=0.924747
pretrain 011/20: train_loss=0.084264 val_loss=0.048312 val_mae=0.753808 val_rmse=0.924265
pretrain 012/20: train_loss=0.088782 val_loss=0.049966 val_mae=0.750822 val_rmse=0.922300
pretrain 013/20: train_loss=0.093760 val_loss=0.052655 val_mae=0.752371 val_rmse=0.924212
Early stopping pretrain after 13 epochs
finetune 001/20: train_loss=0.030197 val_loss=0.011232 val_mae=0.058133 val_rmse=0.096168
finetune 002/20: train_loss=0.014212 val_loss=0.009887 val_mae=0.053447 val_rmse=0.090425
finetune 003/20: train_loss=0.013694 val_loss=0.009583 val_mae=0.051834 val_rmse=0.088122
finetune 004/20: train_loss=0.013658 val_loss=0.009600 val_mae=0.052929 val_rmse=0.087797
finetune 005/20: train_loss=0.013694 val_loss=0.009535 val_mae=0.050595 val_rmse=0.085970
finetune 006/20: train_loss=0.013767 val_loss=0.009496 val_mae=0.050976 val_rmse=0.085663
finetune 007/20: train_loss=0.013826 val_loss=0.009524 val_mae=0.049926 val_rmse=0.085325
finetune 008/20: train_loss=0.013966 val_loss=0.009526 val_mae=0.049358 val_rmse=0.085037
finetune 009/20: train_loss=0.014042 val_loss=0.009541 val_mae=0.049069 val_rmse=0.084844
finetune 010/20: train_loss=0.014130 val_loss=0.009559 val_mae=0.048490 val_rmse=0.084105
finetune 011/20: train_loss=0.014231 val_loss=0.009551 val_mae=0.048007 val_rmse=0.083655
finetune 012/20: train_loss=0.014362 val_loss=0.009640 val_mae=0.048900 val_rmse=0.084072
finetune 013/20: train_loss=0.014474 val_loss=0.009758 val_mae=0.048097 val_rmse=0.083711
finetune 014/20: train_loss=0.014635 val_loss=0.009751 val_mae=0.047885 val_rmse=0.083810
finetune 015/20: train_loss=0.014750 val_loss=0.009882 val_mae=0.049872 val_rmse=0.084645
finetune 016/20: train_loss=0.014875 val_loss=0.009844 val_mae=0.047513 val_rmse=0.083226
finetune 017/20: train_loss=0.014974 val_loss=0.009909 val_mae=0.047439 val_rmse=0.082772
finetune 018/20: train_loss=0.015071 val_loss=0.009951 val_mae=0.049313 val_rmse=0.083487
finetune 019/20: train_loss=0.015242 val_loss=0.009970 val_mae=0.047374 val_rmse=0.082667
finetune 020/20: train_loss=0.015319 val_loss=0.010018 val_mae=0.046603 val_rmse=0.082074
Test masked positions: {'value': 0.0033386898385073496, 'latent': 0.06643799001421989, 'mae': 0.04655706440309864, 'mse': 0.006700337525565319, 'loss': 0.009982488948020226, 'rmse': 0.08185558945829735}
Saved results to /home/ADS/cyang314/ucr_work/traffic_jepa/masked-st-jepa/runs/spatial_block_k19
Device=cuda; data=[('train', 10280), ('val', 2203), ('test', 2204)]; sample=(12, 93, 1); mask=spatial_block:28
pretrain 001/20: train_loss=0.348988 val_loss=0.159693 val_mae=0.777625 val_rmse=0.954380
pretrain 002/20: train_loss=0.151723 val_loss=0.084108 val_mae=0.769676 val_rmse=0.941296
pretrain 003/20: train_loss=0.109412 val_loss=0.059599 val_mae=0.760688 val_rmse=0.924958
pretrain 004/20: train_loss=0.091319 val_loss=0.050128 val_mae=0.752573 val_rmse=0.916024
pretrain 005/20: train_loss=0.082770 val_loss=0.046445 val_mae=0.747951 val_rmse=0.912082
pretrain 006/20: train_loss=0.079354 val_loss=0.045219 val_mae=0.745653 val_rmse=0.909329
pretrain 007/20: train_loss=0.078951 val_loss=0.045269 val_mae=0.742748 val_rmse=0.906150
pretrain 008/20: train_loss=0.080368 val_loss=0.046600 val_mae=0.742795 val_rmse=0.907677
pretrain 009/20: train_loss=0.083116 val_loss=0.048309 val_mae=0.749034 val_rmse=0.915569
pretrain 010/20: train_loss=0.086726 val_loss=0.050143 val_mae=0.755674 val_rmse=0.922604
pretrain 011/20: train_loss=0.090899 val_loss=0.052196 val_mae=0.761739 val_rmse=0.928015
Early stopping pretrain after 11 epochs
finetune 001/20: train_loss=0.030831 val_loss=0.012452 val_mae=0.061744 val_rmse=0.103178
finetune 002/20: train_loss=0.015290 val_loss=0.010977 val_mae=0.056912 val_rmse=0.096355
finetune 003/20: train_loss=0.014681 val_loss=0.010448 val_mae=0.054363 val_rmse=0.092676
finetune 004/20: train_loss=0.014437 val_loss=0.010289 val_mae=0.054363 val_rmse=0.091226
finetune 005/20: train_loss=0.014349 val_loss=0.010020 val_mae=0.051673 val_rmse=0.088910
finetune 006/20: train_loss=0.014273 val_loss=0.009963 val_mae=0.051398 val_rmse=0.088566
finetune 007/20: train_loss=0.014244 val_loss=0.009861 val_mae=0.051069 val_rmse=0.087781
finetune 008/20: train_loss=0.014231 val_loss=0.009796 val_mae=0.049902 val_rmse=0.087118
finetune 009/20: train_loss=0.014212 val_loss=0.009790 val_mae=0.050223 val_rmse=0.087028
finetune 010/20: train_loss=0.014214 val_loss=0.009877 val_mae=0.050041 val_rmse=0.086488
finetune 011/20: train_loss=0.014265 val_loss=0.009944 val_mae=0.050326 val_rmse=0.087424
finetune 012/20: train_loss=0.014358 val_loss=0.009735 val_mae=0.048986 val_rmse=0.085987
finetune 013/20: train_loss=0.014417 val_loss=0.009948 val_mae=0.049442 val_rmse=0.086918
finetune 014/20: train_loss=0.014494 val_loss=0.009740 val_mae=0.048570 val_rmse=0.085525
finetune 015/20: train_loss=0.014597 val_loss=0.009869 val_mae=0.050959 val_rmse=0.086409
finetune 016/20: train_loss=0.014649 val_loss=0.009874 val_mae=0.048843 val_rmse=0.085589
finetune 017/20: train_loss=0.014766 val_loss=0.009946 val_mae=0.049230 val_rmse=0.085540
finetune 018/20: train_loss=0.014886 val_loss=0.009935 val_mae=0.048078 val_rmse=0.085118
finetune 019/20: train_loss=0.015012 val_loss=0.010197 val_mae=0.049645 val_rmse=0.086242
finetune 020/20: train_loss=0.015143 val_loss=0.010151 val_mae=0.049886 val_rmse=0.085783
Test masked positions: {'value': 0.0036009167795983937, 'latent': 0.06325575333433446, 'mae': 0.048036007572323784, 'mse': 0.007222671068515189, 'loss': 0.009926492218164804, 'rmse': 0.08498629929885869}
Saved results to /home/ADS/cyang314/ucr_work/traffic_jepa/masked-st-jepa/runs/spatial_block_k28
