nohup: ignoring input
Device=cuda:0; downstream split sizes={'train': 10280, 'val': 2203, 'test': 2204}
Pretrain split sizes={'train': 860436, 'val': 95604, 'test': 204972}
pretrain: trainable=5,878,694/10,728,521; source=None
pretrain epoch 1/100: train=0.023158 val_total=-0.024218 fine_kl=0.0433119 coarse_kl=0.00503005 latent_mse=0.02852 embedding=0.00340965 commitment=0.00340965 sample_entropy=2.91455 negative_batch_entropy=-4.81938 reconstruction=0.00770679 codebook_min_norm=0.0736751 latent_rms=0.070967
pretrain epoch 2/100: train=-0.020120 val_total=-0.024185 fine_kl=0.0130203 coarse_kl=0.00243219 latent_mse=9.60136e-05 embedding=0.000803249 commitment=0.000803249 sample_entropy=1.76947 negative_batch_entropy=-4.80134 reconstruction=0.00768477 codebook_min_norm=0.0589226 latent_rms=0.0526076
pretrain epoch 3/100: train=-0.025122 val_total=-0.022538 fine_kl=0.0103416 coarse_kl=0.0025207 latent_mse=1.3612e-07 embedding=0.000617056 commitment=0.000617056 sample_entropy=1.29084 negative_batch_entropy=-4.7714 reconstruction=0.00768242 codebook_min_norm=0.0736663 latent_rms=0.0501494
pretrain epoch 4/100: train=-0.028480 val_total=-0.022463 fine_kl=0.00798398 coarse_kl=0.00291622 latent_mse=2.14845e-08 embedding=0.000619468 commitment=0.000619468 sample_entropy=1.01406 negative_batch_entropy=-4.74991 reconstruction=0.00768007 codebook_min_norm=0.0807484 latent_rms=0.0467709
pretrain epoch 5/100: train=-0.029496 val_total=-0.022248 fine_kl=0.00775236 coarse_kl=0.00250246 latent_mse=1.11134e-08 embedding=0.000666291 commitment=0.000666291 sample_entropy=0.873188 negative_batch_entropy=-4.73993 reconstruction=0.00767917 codebook_min_norm=0.0989417 latent_rms=0.0450702
Traceback (most recent call last):
  File "/home/ADS/cyang314/ucr_work/traffic_jepa/sc-jepa/train.py", line 370, in <module>
    main()
  File "/home/ADS/cyang314/ucr_work/traffic_jepa/sc-jepa/train.py", line 341, in main
    source = fit('pretrain', args, config, pretrain_datasets, device)
  File "/home/ADS/cyang314/ucr_work/traffic_jepa/sc-jepa/train.py", line 171, in fit
    validation = score(model, val_batches, device, stage == 'pretrain',
  File "/home/ADS/cyang314/miniconda3/envs/topojepa/lib/python3.10/site-packages/torch/utils/_contextlib.py", line 115, in decorate_context
    return func(*args, **kwargs)
  File "/home/ADS/cyang314/ucr_work/traffic_jepa/sc-jepa/train.py", line 79, in score
    raise ValueError('Nonfinite evaluation result')
ValueError: Nonfinite evaluation result
