nohup: ignoring input
Device=cuda:0; split sizes={'train': 10280, 'val': 2203, 'test': 2204}
pretrain: trainable=846,595/929,926; source=None
pretrain epoch 1/20: train=1.042396 val_total=0.873199
pretrain epoch 2/20: train=0.834554 val_total=0.790941
pretrain epoch 3/20: train=0.777870 val_total=0.757707
pretrain epoch 4/20: train=0.753513 val_total=0.742492
pretrain epoch 5/20: train=0.742033 val_total=0.735171
pretrain epoch 6/20: train=0.736364 val_total=0.731556
pretrain epoch 7/20: train=0.733469 val_total=0.729748
pretrain epoch 8/20: train=0.731939 val_total=0.728838
pretrain epoch 9/20: train=0.731088 val_total=0.728376
pretrain epoch 10/20: train=0.730584 val_total=0.728152
pretrain epoch 11/20: train=0.730250 val_total=0.728023
pretrain epoch 12/20: train=0.729996 val_total=0.727956
pretrain epoch 13/20: train=0.729800 val_total=0.727942
pretrain epoch 14/20: train=0.729633 val_total=0.727934
pretrain epoch 15/20: train=0.729472 val_total=0.727929
pretrain epoch 16/20: train=0.729314 val_total=0.727928
pretrain epoch 17/20: train=0.729159 val_total=0.727928
pretrain epoch 18/20: train=0.729003 val_total=0.727928
pretrain epoch 19/20: train=0.728849 val_total=0.727927
pretrain epoch 20/20: train=0.728694 val_total=0.727927
/home/ADS/cyang314/miniconda3/envs/topojepa/lib/python3.10/site-packages/torch/_utils.py:776: UserWarning: TypedStorage is deprecated. It will be removed in the future and UntypedStorage will be the only storage class. This should only matter to you if you are using storages directly.  To access UntypedStorage directly, use tensor.untyped_storage() instead of tensor.storage()
  return self.fget.__get__(instance, owner)()
probe: trainable=387/929,926; source=runs/fremont_joint_seed2026/pretrain/checkpoint.pt
probe epoch 1/20: train=0.031932 val_MSE=0.031510
probe epoch 2/20: train=0.031854 val_MSE=0.031504
probe epoch 3/20: train=0.031841 val_MSE=0.031504
probe epoch 4/20: train=0.031838 val_MSE=0.031504
probe epoch 5/20: train=0.031836 val_MSE=0.031504
probe epoch 6/20: train=0.031836 val_MSE=0.031505
probe epoch 7/20: train=0.031835 val_MSE=0.031505
probe: {'MAE': 0.09443405383376278, 'MSE': 0.031958757847441316, 'RMSE': 0.17877012571299858}
full: trainable=465,155/929,926; source=runs/fremont_joint_seed2026/pretrain/checkpoint.pt
full epoch 1/20: train=0.031856 val_MSE=0.031511
full epoch 2/20: train=0.031839 val_MSE=0.031513
full epoch 3/20: train=0.031833 val_MSE=0.031524
full epoch 4/20: train=0.031833 val_MSE=0.031516
full epoch 5/20: train=0.031832 val_MSE=0.031515
full epoch 6/20: train=0.031832 val_MSE=0.031516
full: {'MAE': 0.09457460372033857, 'MSE': 0.03192373143323755, 'RMSE': 0.1786721339024011}

SC-JEPA traffic evaluation (stored traffic units)
Method                                        MAE          MSE         RMSE
Joint pretrain direct test           unavailable (SSL has no direct forecast evaluation)
SSL/joint + frozen feature probe        0.0944341    0.0319588    0.1787701
SSL/joint + full fine-tune              0.0945746    0.0319237    0.1786721
