nohup: ignoring input
Args in experiment:
Namespace(seed=2026, is_training=0, model_id='Fremont_pretrain_baseline', model='TopoJEPA', data='Fremont', root_path='./dataset/Fremont/', data_path='electricity.csv', fremont_file_pattern='incident_{flag}.npy', fremont_traffic_feature=0, fremont_use_time_features=False, incident=False, incident_scale=1.0, incident_sigma=1.0, incident_num_descriptions=None, incident_num_types=None, incident_num_positions=None, features='M', target='OT', freq='t', checkpoints='./checkpoints/', experiment_tag='Fremont_joint_pretrain_test622', seq_len=12, label_len=6, pred_len=12, enc_in=93, dec_in=93, c_out=93, d_model=128, n_heads=8, e_layers=2, d_layers=1, d_ff=256, moving_avg=25, factor=1, distil=True, dropout=0.1, embed='timeF', activation='gelu', output_attention=False, do_predict=False, num_workers=4, itr=1, train_epochs=10, batch_size=32, patience=5, log_interval=100, learning_rate=0.0001, training_stage='pretrain', pretrained_checkpoint='', fremont_adaptation_root='./dataset/Fremont_adaptation_622', eval_checkpoint='./checkpoints/Fremont_joint_pretrain_0/checkpoint.pth', finetune_strategy='full', partial_unfreeze_layers=1, lora_rank=8, lora_alpha=16.0, lora_dropout=0.0, lora_lr_scale=1.0, gradual_head_epochs=2, gradual_partial_epochs=3, encoder_lr_scale=0.1, keep_pretrained_head=False, des='test', loss='MSE', lradj='type1', use_amp=False, use_gpu=True, gpu=0, use_multi_gpu=False, devices='0,1,2,3', exp_name='MTSF', channel_independence=False, inverse=False, class_strategy='projection', target_root_path='./data/electricity/', target_data_path='electricity.csv', efficient_training=False, use_norm=True, model_variant='jepa', jepa_weight=0.1, topo_weight=0.0, text_weight=0.0, text_embed_dim=512, text_embedding_dir='', use_gnn=False, adj_path='', gnn_layers=2, gnn_dropout=0.1, alignment_weight=0.0, ema_momentum=0.996, stgcn_kernel_size=3, stgcn_cheb_order=3, stgcn_blocks=2, stgcn_temporal_channels=64, stgcn_spatial_channels=16, stgcn_output_channels=64, partial_start_index=0)
Use GPU: cuda:0
test 435
test shape: (435, 1, 12, 93) (435, 1, 12, 93)
test shape: (435, 12, 93) (435, 12, 93)
mse:0.016163455322384834, mae:0.06609897315502167
Args in experiment:
Namespace(seed=2026, is_training=1, model_id='Fremont_full_finetune', model='TopoJEPA', data='Fremont', root_path='./dataset/Fremont/', data_path='electricity.csv', fremont_file_pattern='incident_{flag}.npy', fremont_traffic_feature=0, fremont_use_time_features=False, incident=False, incident_scale=1.0, incident_sigma=1.0, incident_num_descriptions=None, incident_num_types=None, incident_num_positions=None, features='M', target='OT', freq='t', checkpoints='./checkpoints/', experiment_tag='Fremont_joint_pretrain_full_test622', seq_len=12, label_len=6, pred_len=12, enc_in=93, dec_in=93, c_out=93, d_model=128, n_heads=8, e_layers=2, d_layers=1, d_ff=256, moving_avg=25, factor=1, distil=True, dropout=0.1, embed='timeF', activation='gelu', output_attention=False, do_predict=False, num_workers=4, itr=1, train_epochs=20, batch_size=32, patience=5, log_interval=100, learning_rate=0.0001, training_stage='finetune', pretrained_checkpoint='./checkpoints/Fremont_joint_pretrain_0/checkpoint.pth', fremont_adaptation_root='./dataset/Fremont_adaptation_622', eval_checkpoint='', finetune_strategy='full', partial_unfreeze_layers=1, lora_rank=8, lora_alpha=16.0, lora_dropout=0.0, lora_lr_scale=1.0, gradual_head_epochs=2, gradual_partial_epochs=3, encoder_lr_scale=0.1, keep_pretrained_head=False, des='jepa_pretrain_full_finetune', loss='MSE', lradj='type1', use_amp=False, use_gpu=True, gpu=0, use_multi_gpu=False, devices='0,1,2,3', exp_name='MTSF', channel_independence=False, inverse=False, class_strategy='projection', target_root_path='./data/electricity/', target_data_path='electricity.csv', efficient_training=False, use_norm=True, model_variant='jepa', jepa_weight=0.0, topo_weight=0.0, text_weight=0.0, text_embed_dim=512, text_embedding_dir='', use_gnn=False, adj_path='', gnn_layers=2, gnn_dropout=0.1, alignment_weight=0.0, ema_momentum=0.996, stgcn_kernel_size=3, stgcn_cheb_order=3, stgcn_blocks=2, stgcn_temporal_channels=64, stgcn_spatial_channels=16, stgcn_output_channels=64, partial_start_index=0)
Use GPU: cuda:0
>>>>>>>start finetune : Fremont_joint_pretrain_full_test622_0>>>>>>>>>>>>>>>>>>>>>>>>>>
Loaded JEPA checkpoint: ./checkpoints/Fremont_joint_pretrain_0/checkpoint.pth
Fine-tune strategy: full; trainable parameters: 301,708/651,404 (46.32%)
train 1303
val 434
Epoch: 1 cost time: 0.7661845684051514
Epoch: 1, Steps: 41 | Train Loss: 0.0155708 Vali Loss: 0.0155111 Test Loss: nan
Validation loss decreased (inf --> 0.015511).  Saving model ...
Updating learning rate to [1e-05, 0.0001]
Epoch: 2 cost time: 0.336306095123291
Epoch: 2, Steps: 41 | Train Loss: 0.0155708 Vali Loss: 0.0153928 Test Loss: nan
Validation loss decreased (0.015511 --> 0.015393).  Saving model ...
Updating learning rate to [5e-06, 5e-05]
Epoch: 3 cost time: 0.40016794204711914
Epoch: 3, Steps: 41 | Train Loss: 0.0154845 Vali Loss: 0.0153901 Test Loss: nan
Validation loss decreased (0.015393 --> 0.015390).  Saving model ...
Updating learning rate to [2.5e-06, 2.5e-05]
Epoch: 4 cost time: 0.33260488510131836
Epoch: 4, Steps: 41 | Train Loss: 0.0154449 Vali Loss: 0.0154608 Test Loss: nan
EarlyStopping counter: 1 out of 5
Updating learning rate to [1.25e-06, 1.25e-05]
Epoch: 5 cost time: 0.32523584365844727
Epoch: 5, Steps: 41 | Train Loss: 0.0154218 Vali Loss: 0.0154531 Test Loss: nan
EarlyStopping counter: 2 out of 5
Updating learning rate to [6.25e-07, 6.25e-06]
Epoch: 6 cost time: 0.32317161560058594
Epoch: 6, Steps: 41 | Train Loss: 0.0154820 Vali Loss: 0.0153599 Test Loss: nan
Validation loss decreased (0.015390 --> 0.015360).  Saving model ...
Updating learning rate to [3.125e-07, 3.125e-06]
Epoch: 7 cost time: 0.3047149181365967
Epoch: 7, Steps: 41 | Train Loss: 0.0154363 Vali Loss: 0.0153403 Test Loss: nan
Validation loss decreased (0.015360 --> 0.015340).  Saving model ...
Updating learning rate to [1.5625e-07, 1.5625e-06]
Epoch: 8 cost time: 0.3166372776031494
Epoch: 8, Steps: 41 | Train Loss: 0.0155046 Vali Loss: 0.0154233 Test Loss: nan
EarlyStopping counter: 1 out of 5
Updating learning rate to [7.8125e-08, 7.8125e-07]
Epoch: 9 cost time: 0.4241364002227783
Epoch: 9, Steps: 41 | Train Loss: 0.0154467 Vali Loss: 0.0154926 Test Loss: nan
EarlyStopping counter: 2 out of 5
Updating learning rate to [3.90625e-08, 3.90625e-07]
Epoch: 10 cost time: 0.3270113468170166
Epoch: 10, Steps: 41 | Train Loss: 0.0154380 Vali Loss: 0.0153676 Test Loss: nan
EarlyStopping counter: 3 out of 5
Updating learning rate to [1.953125e-08, 1.953125e-07]
Epoch: 11 cost time: 0.4289889335632324
Epoch: 11, Steps: 41 | Train Loss: 0.0154314 Vali Loss: 0.0156043 Test Loss: nan
EarlyStopping counter: 4 out of 5
Updating learning rate to [9.765625e-09, 9.765625e-08]
Epoch: 12 cost time: 0.34872007369995117
Epoch: 12, Steps: 41 | Train Loss: 0.0154335 Vali Loss: 0.0154003 Test Loss: nan
EarlyStopping counter: 5 out of 5
Early stopping
>>>>>>>testing : Fremont_joint_pretrain_full_test622_0<<<<<<<<<<<<<<<<<<<<<<<<<<<<<<<<<
test 435
test shape: (435, 1, 12, 93) (435, 1, 12, 93)
test shape: (435, 12, 93) (435, 12, 93)
mse:0.01608622446656227, mae:0.06584855914115906
Args in experiment:
Namespace(seed=2026, is_training=1, model_id='Fremont_partial_finetune', model='TopoJEPA', data='Fremont', root_path='./dataset/Fremont/', data_path='electricity.csv', fremont_file_pattern='incident_{flag}.npy', fremont_traffic_feature=0, fremont_use_time_features=False, incident=False, incident_scale=1.0, incident_sigma=1.0, incident_num_descriptions=None, incident_num_types=None, incident_num_positions=None, features='M', target='OT', freq='t', checkpoints='./checkpoints/', experiment_tag='Fremont_joint_pretrain_partial_L1_test622', seq_len=12, label_len=6, pred_len=12, enc_in=93, dec_in=93, c_out=93, d_model=128, n_heads=8, e_layers=2, d_layers=1, d_ff=256, moving_avg=25, factor=1, distil=True, dropout=0.1, embed='timeF', activation='gelu', output_attention=False, do_predict=False, num_workers=4, itr=1, train_epochs=20, batch_size=32, patience=5, log_interval=100, learning_rate=0.0001, training_stage='finetune', pretrained_checkpoint='./checkpoints/Fremont_joint_pretrain_0/checkpoint.pth', fremont_adaptation_root='./dataset/Fremont_adaptation_622', eval_checkpoint='', finetune_strategy='partial', partial_unfreeze_layers=1, lora_rank=8, lora_alpha=16.0, lora_dropout=0.0, lora_lr_scale=1.0, gradual_head_epochs=2, gradual_partial_epochs=3, encoder_lr_scale=0.1, keep_pretrained_head=False, des='jepa_pretrain_partial_finetune', loss='MSE', lradj='type1', use_amp=False, use_gpu=True, gpu=0, use_multi_gpu=False, devices='0,1,2,3', exp_name='MTSF', channel_independence=False, inverse=False, class_strategy='projection', target_root_path='./data/electricity/', target_data_path='electricity.csv', efficient_training=False, use_norm=True, model_variant='jepa', jepa_weight=0.0, topo_weight=0.0, text_weight=0.0, text_embed_dim=512, text_embedding_dir='', use_gnn=False, adj_path='', gnn_layers=2, gnn_dropout=0.1, alignment_weight=0.0, ema_momentum=0.996, stgcn_kernel_size=3, stgcn_cheb_order=3, stgcn_blocks=2, stgcn_temporal_channels=64, stgcn_spatial_channels=16, stgcn_output_channels=64, partial_start_index=0)
Use GPU: cuda:0
>>>>>>>start finetune : Fremont_joint_pretrain_partial_L1_test622_0>>>>>>>>>>>>>>>>>>>>>>>>>>
Loaded JEPA checkpoint: ./checkpoints/Fremont_joint_pretrain_0/checkpoint.pth
Fine-tune strategy: partial; trainable parameters: 167,564/651,404 (25.72%)
train 1303
val 434
Epoch: 1 cost time: 0.7010989189147949
Epoch: 1, Steps: 41 | Train Loss: 0.0154617 Vali Loss: 0.0155188 Test Loss: nan
Validation loss decreased (inf --> 0.015519).  Saving model ...
Updating learning rate to [1e-05, 0.0001]
Epoch: 2 cost time: 0.2700197696685791
Epoch: 2, Steps: 41 | Train Loss: 0.0154554 Vali Loss: 0.0154000 Test Loss: nan
Validation loss decreased (0.015519 --> 0.015400).  Saving model ...
Updating learning rate to [5e-06, 5e-05]
Epoch: 3 cost time: 0.37528467178344727
Epoch: 3, Steps: 41 | Train Loss: 0.0154174 Vali Loss: 0.0153986 Test Loss: nan
Validation loss decreased (0.015400 --> 0.015399).  Saving model ...
Updating learning rate to [2.5e-06, 2.5e-05]
Epoch: 4 cost time: 0.34999513626098633
Epoch: 4, Steps: 41 | Train Loss: 0.0153973 Vali Loss: 0.0154703 Test Loss: nan
EarlyStopping counter: 1 out of 5
Updating learning rate to [1.25e-06, 1.25e-05]
Epoch: 5 cost time: 0.37891483306884766
Epoch: 5, Steps: 41 | Train Loss: 0.0153871 Vali Loss: 0.0154622 Test Loss: nan
EarlyStopping counter: 2 out of 5
Updating learning rate to [6.25e-07, 6.25e-06]
Epoch: 6 cost time: 0.3786449432373047
Epoch: 6, Steps: 41 | Train Loss: 0.0154115 Vali Loss: 0.0153677 Test Loss: nan
Validation loss decreased (0.015399 --> 0.015368).  Saving model ...
Updating learning rate to [3.125e-07, 3.125e-06]
Epoch: 7 cost time: 0.3123443126678467
Epoch: 7, Steps: 41 | Train Loss: 0.0153845 Vali Loss: 0.0153479 Test Loss: nan
Validation loss decreased (0.015368 --> 0.015348).  Saving model ...
Updating learning rate to [1.5625e-07, 1.5625e-06]
Epoch: 8 cost time: 0.3435401916503906
Epoch: 8, Steps: 41 | Train Loss: 0.0153979 Vali Loss: 0.0154322 Test Loss: nan
EarlyStopping counter: 1 out of 5
Updating learning rate to [7.8125e-08, 7.8125e-07]
Epoch: 9 cost time: 0.3326435089111328
Epoch: 9, Steps: 41 | Train Loss: 0.0154154 Vali Loss: 0.0155007 Test Loss: nan
EarlyStopping counter: 2 out of 5
Updating learning rate to [3.90625e-08, 3.90625e-07]
Epoch: 10 cost time: 0.3118717670440674
Epoch: 10, Steps: 41 | Train Loss: 0.0153909 Vali Loss: 0.0153743 Test Loss: nan
EarlyStopping counter: 3 out of 5
Updating learning rate to [1.953125e-08, 1.953125e-07]
Epoch: 11 cost time: 0.3424997329711914
Epoch: 11, Steps: 41 | Train Loss: 0.0153849 Vali Loss: 0.0156111 Test Loss: nan
EarlyStopping counter: 4 out of 5
Updating learning rate to [9.765625e-09, 9.765625e-08]
Epoch: 12 cost time: 0.3141651153564453
Epoch: 12, Steps: 41 | Train Loss: 0.0153913 Vali Loss: 0.0154071 Test Loss: nan
EarlyStopping counter: 5 out of 5
Early stopping
>>>>>>>testing : Fremont_joint_pretrain_partial_L1_test622_0<<<<<<<<<<<<<<<<<<<<<<<<<<<<<<<<<
test 435
test shape: (435, 1, 12, 93) (435, 1, 12, 93)
test shape: (435, 12, 93) (435, 12, 93)
mse:0.016121258959174156, mae:0.06590598076581955
Args in experiment:
Namespace(seed=2026, is_training=1, model_id='Fremont_gradual_finetune', model='TopoJEPA', data='Fremont', root_path='./dataset/Fremont/', data_path='electricity.csv', fremont_file_pattern='incident_{flag}.npy', fremont_traffic_feature=0, fremont_use_time_features=False, incident=False, incident_scale=1.0, incident_sigma=1.0, incident_num_descriptions=None, incident_num_types=None, incident_num_positions=None, features='M', target='OT', freq='t', checkpoints='./checkpoints/', experiment_tag='Fremont_joint_pretrain_gradual_H2_P3_L1_test622', seq_len=12, label_len=6, pred_len=12, enc_in=93, dec_in=93, c_out=93, d_model=128, n_heads=8, e_layers=2, d_layers=1, d_ff=256, moving_avg=25, factor=1, distil=True, dropout=0.1, embed='timeF', activation='gelu', output_attention=False, do_predict=False, num_workers=4, itr=1, train_epochs=20, batch_size=32, patience=5, log_interval=100, learning_rate=0.0001, training_stage='finetune', pretrained_checkpoint='./checkpoints/Fremont_joint_pretrain_0/checkpoint.pth', fremont_adaptation_root='./dataset/Fremont_adaptation_622', eval_checkpoint='', finetune_strategy='gradual', partial_unfreeze_layers=1, lora_rank=8, lora_alpha=16.0, lora_dropout=0.0, lora_lr_scale=1.0, gradual_head_epochs=2, gradual_partial_epochs=3, encoder_lr_scale=0.1, keep_pretrained_head=False, des='joint_pretrain_gradual_finetune', loss='MSE', lradj='type1', use_amp=False, use_gpu=True, gpu=0, use_multi_gpu=False, devices='0,1,2,3', exp_name='MTSF', channel_independence=False, inverse=False, class_strategy='projection', target_root_path='./data/electricity/', target_data_path='electricity.csv', efficient_training=False, use_norm=True, model_variant='jepa', jepa_weight=0.0, topo_weight=0.0, text_weight=0.0, text_embed_dim=512, text_embedding_dir='', use_gnn=False, adj_path='', gnn_layers=2, gnn_dropout=0.1, alignment_weight=0.0, ema_momentum=0.996, stgcn_kernel_size=3, stgcn_cheb_order=3, stgcn_blocks=2, stgcn_temporal_channels=64, stgcn_spatial_channels=16, stgcn_output_channels=64, partial_start_index=0)
Use GPU: cuda:0
>>>>>>>start finetune : Fremont_joint_pretrain_gradual_H2_P3_L1_test622_0>>>>>>>>>>>>>>>>>>>>>>>>>>
Loaded JEPA checkpoint: ./checkpoints/Fremont_joint_pretrain_0/checkpoint.pth
Fine-tune strategy: gradual; trainable parameters: 34,828/651,404 (5.35%)
train 1303
val 434
Gradual epoch 1: predictor/head; trainable=34,828
Epoch: 1 cost time: 0.6038460731506348
Epoch: 1, Steps: 41 | Train Loss: 0.0154265 Vali Loss: 0.0155331 Test Loss: nan
Validation loss decreased (inf --> 0.015533).  Saving model ...
Updating learning rate to [1e-05, 0.0001]
Epoch: 2 cost time: 0.3364417552947998
Epoch: 2, Steps: 41 | Train Loss: 0.0154222 Vali Loss: 0.0154258 Test Loss: nan
Validation loss decreased (0.015533 --> 0.015426).  Saving model ...
Updating learning rate to [5e-06, 5e-05]
Gradual epoch 3: last encoder layers; trainable=167,564
Epoch: 3 cost time: 0.42659640312194824
Epoch: 3, Steps: 41 | Train Loss: 0.0154610 Vali Loss: 0.0154177 Test Loss: nan
Validation loss decreased (0.015426 --> 0.015418).  Saving model ...
Updating learning rate to [2.5e-06, 2.5e-05]
Epoch: 4 cost time: 0.29541969299316406
Epoch: 4, Steps: 41 | Train Loss: 0.0154257 Vali Loss: 0.0154902 Test Loss: nan
EarlyStopping counter: 1 out of 5
Updating learning rate to [1.25e-06, 1.25e-05]
Epoch: 5 cost time: 0.3895692825317383
Epoch: 5, Steps: 41 | Train Loss: 0.0153957 Vali Loss: 0.0154851 Test Loss: nan
EarlyStopping counter: 1 out of 5
Updating learning rate to [6.25e-07, 6.25e-06]
Gradual epoch 6: full online network; trainable=301,708
Epoch: 6 cost time: 0.3721303939819336
Epoch: 6, Steps: 41 | Train Loss: 0.0155521 Vali Loss: 0.0153859 Test Loss: nan
Validation loss decreased (0.015418 --> 0.015386).  Saving model ...
Updating learning rate to [3.125e-07, 3.125e-06]
Epoch: 7 cost time: 0.34424495697021484
Epoch: 7, Steps: 41 | Train Loss: 0.0154875 Vali Loss: 0.0153670 Test Loss: nan
Validation loss decreased (0.015386 --> 0.015367).  Saving model ...
Updating learning rate to [1.5625e-07, 1.5625e-06]
Epoch: 8 cost time: 0.31949663162231445
Epoch: 8, Steps: 41 | Train Loss: 0.0154777 Vali Loss: 0.0154519 Test Loss: nan
EarlyStopping counter: 1 out of 5
Updating learning rate to [7.8125e-08, 7.8125e-07]
Epoch: 9 cost time: 0.3365035057067871
Epoch: 9, Steps: 41 | Train Loss: 0.0155316 Vali Loss: 0.0155215 Test Loss: nan
EarlyStopping counter: 2 out of 5
Updating learning rate to [3.90625e-08, 3.90625e-07]
Epoch: 10 cost time: 0.3434147834777832
Epoch: 10, Steps: 41 | Train Loss: 0.0154816 Vali Loss: 0.0153937 Test Loss: nan
EarlyStopping counter: 3 out of 5
Updating learning rate to [1.953125e-08, 1.953125e-07]
Epoch: 11 cost time: 0.3669168949127197
Epoch: 11, Steps: 41 | Train Loss: 0.0154812 Vali Loss: 0.0156289 Test Loss: nan
EarlyStopping counter: 4 out of 5
Updating learning rate to [9.765625e-09, 9.765625e-08]
Epoch: 12 cost time: 0.33859872817993164
Epoch: 12, Steps: 41 | Train Loss: 0.0154917 Vali Loss: 0.0154258 Test Loss: nan
EarlyStopping counter: 5 out of 5
Early stopping
>>>>>>>testing : Fremont_joint_pretrain_gradual_H2_P3_L1_test622_0<<<<<<<<<<<<<<<<<<<<<<<<<<<<<<<<<
test 435
test shape: (435, 1, 12, 93) (435, 1, 12, 93)
test shape: (435, 12, 93) (435, 12, 93)
mse:0.016127189621329308, mae:0.065940260887146
Args in experiment:
Namespace(seed=2026, is_training=1, model_id='Fremont_lora_finetune', model='TopoJEPA', data='Fremont', root_path='./dataset/Fremont/', data_path='electricity.csv', fremont_file_pattern='incident_{flag}.npy', fremont_traffic_feature=0, fremont_use_time_features=False, incident=False, incident_scale=1.0, incident_sigma=1.0, incident_num_descriptions=None, incident_num_types=None, incident_num_positions=None, features='M', target='OT', freq='t', checkpoints='./checkpoints/', experiment_tag='Fremont_joint_pretrain_lora_R8_A16_D0_LR1_test622', seq_len=12, label_len=6, pred_len=12, enc_in=93, dec_in=93, c_out=93, d_model=128, n_heads=8, e_layers=2, d_layers=1, d_ff=256, moving_avg=25, factor=1, distil=True, dropout=0.1, embed='timeF', activation='gelu', output_attention=False, do_predict=False, num_workers=4, itr=1, train_epochs=20, batch_size=32, patience=5, log_interval=100, learning_rate=0.0001, training_stage='finetune', pretrained_checkpoint='./checkpoints/Fremont_joint_pretrain_0/checkpoint.pth', fremont_adaptation_root='./dataset/Fremont_adaptation_622', eval_checkpoint='', finetune_strategy='lora', partial_unfreeze_layers=1, lora_rank=8, lora_alpha=16.0, lora_dropout=0.0, lora_lr_scale=1.0, gradual_head_epochs=2, gradual_partial_epochs=3, encoder_lr_scale=0.1, keep_pretrained_head=False, des='joint_pretrain_lora_finetune', loss='MSE', lradj='type1', use_amp=False, use_gpu=True, gpu=0, use_multi_gpu=False, devices='0,1,2,3', exp_name='MTSF', channel_independence=False, inverse=False, class_strategy='projection', target_root_path='./data/electricity/', target_data_path='electricity.csv', efficient_training=False, use_norm=True, model_variant='jepa', jepa_weight=0.0, topo_weight=0.0, text_weight=0.0, text_embed_dim=512, text_embedding_dir='', use_gnn=False, adj_path='', gnn_layers=2, gnn_dropout=0.1, alignment_weight=0.0, ema_momentum=0.996, stgcn_kernel_size=3, stgcn_cheb_order=3, stgcn_blocks=2, stgcn_temporal_channels=64, stgcn_spatial_channels=16, stgcn_output_channels=64, partial_start_index=0)
Use GPU: cuda:0
>>>>>>>start finetune : Fremont_joint_pretrain_lora_R8_A16_D0_LR1_test622_0>>>>>>>>>>>>>>>>>>>>>>>>>>
Loaded JEPA checkpoint: ./checkpoints/Fremont_joint_pretrain_0/checkpoint.pth
Fine-tune strategy: lora; trainable parameters: 9,740/659,596 (1.48%)
train 1303
val 434
Epoch: 1 cost time: 0.669126033782959
Epoch: 1, Steps: 41 | Train Loss: 0.0154270 Vali Loss: 0.0155417 Test Loss: nan
Validation loss decreased (inf --> 0.015542).  Saving model ...
Updating learning rate to [0.0001, 0.0001]
Epoch: 2 cost time: 0.3947117328643799
Epoch: 2, Steps: 41 | Train Loss: 0.0154272 Vali Loss: 0.0154339 Test Loss: nan
Validation loss decreased (0.015542 --> 0.015434).  Saving model ...
Updating learning rate to [5e-05, 5e-05]
Epoch: 3 cost time: 0.3999824523925781
Epoch: 3, Steps: 41 | Train Loss: 0.0153993 Vali Loss: 0.0154103 Test Loss: nan
Validation loss decreased (0.015434 --> 0.015410).  Saving model ...
Updating learning rate to [2.5e-05, 2.5e-05]
Epoch: 4 cost time: 0.30892300605773926
Epoch: 4, Steps: 41 | Train Loss: 0.0153674 Vali Loss: 0.0154853 Test Loss: nan
EarlyStopping counter: 1 out of 5
Updating learning rate to [1.25e-05, 1.25e-05]
Epoch: 5 cost time: 0.39229798316955566
Epoch: 5, Steps: 41 | Train Loss: 0.0153504 Vali Loss: 0.0154846 Test Loss: nan
EarlyStopping counter: 2 out of 5
Updating learning rate to [6.25e-06, 6.25e-06]
Epoch: 6 cost time: 0.3140678405761719
Epoch: 6, Steps: 41 | Train Loss: 0.0153858 Vali Loss: 0.0153827 Test Loss: nan
Validation loss decreased (0.015410 --> 0.015383).  Saving model ...
Updating learning rate to [3.125e-06, 3.125e-06]
Epoch: 7 cost time: 0.3169291019439697
Epoch: 7, Steps: 41 | Train Loss: 0.0153580 Vali Loss: 0.0153661 Test Loss: nan
Validation loss decreased (0.015383 --> 0.015366).  Saving model ...
Updating learning rate to [1.5625e-06, 1.5625e-06]
Epoch: 8 cost time: 0.3668341636657715
Epoch: 8, Steps: 41 | Train Loss: 0.0153778 Vali Loss: 0.0154518 Test Loss: nan
EarlyStopping counter: 1 out of 5
Updating learning rate to [7.8125e-07, 7.8125e-07]
Epoch: 9 cost time: 0.32314133644104004
Epoch: 9, Steps: 41 | Train Loss: 0.0154050 Vali Loss: 0.0155197 Test Loss: nan
EarlyStopping counter: 2 out of 5
Updating learning rate to [3.90625e-07, 3.90625e-07]
Epoch: 10 cost time: 0.40137147903442383
Epoch: 10, Steps: 41 | Train Loss: 0.0153665 Vali Loss: 0.0153922 Test Loss: nan
EarlyStopping counter: 3 out of 5
Updating learning rate to [1.953125e-07, 1.953125e-07]
Epoch: 11 cost time: 0.3979051113128662
Epoch: 11, Steps: 41 | Train Loss: 0.0153549 Vali Loss: 0.0156237 Test Loss: nan
EarlyStopping counter: 4 out of 5
Updating learning rate to [9.765625e-08, 9.765625e-08]
Epoch: 12 cost time: 0.3374903202056885
Epoch: 12, Steps: 41 | Train Loss: 0.0153617 Vali Loss: 0.0154236 Test Loss: nan
EarlyStopping counter: 5 out of 5
Early stopping
>>>>>>>testing : Fremont_joint_pretrain_lora_R8_A16_D0_LR1_test622_0<<<<<<<<<<<<<<<<<<<<<<<<<<<<<<<<<
test 435
test shape: (435, 1, 12, 93) (435, 1, 12, 93)
test shape: (435, 12, 93) (435, 12, 93)
mse:0.016147742047905922, mae:0.06607446819543839

Transfer evaluation summary
Method                                        MAE          MSE         RMSE
Joint pretrain only (direct test)       0.0660990    0.0161635    0.1271356
Pretrain + full fine-tune               0.0658486    0.0160862    0.1268315
Pretrain + partial fine-tune            0.0659060    0.0161213    0.1269695
Pretrain + gradual fine-tune            0.0659403    0.0161272    0.1269929
Pretrain + LoRA fine-tune               0.0660745    0.0161477    0.1270738
